[2024-10-31T11:41:18.948810+00:00] game.INFO: El jugador wea ha fet un moviment a la columna 1. [] []
[2024-10-31T11:41:21.319277+00:00] game.INFO: El jugador wea ha fet un moviment a la columna 2. [] []
[2024-11-05T12:19:57.224502+00:00] game.INFO: El jugador Kokon ha fet un moviment a la columna 1. [] []
[2024-11-05T12:19:58.036912+00:00] game.INFO: El jugador  ha fet un moviment a la columna 2. [] []
[2024-11-05T12:20:03.858663+00:00] game.INFO: El jugador Kokon ha fet un moviment a la columna 3. [] []
[2024-11-05T12:20:12.477672+00:00] game.INFO: El jugador  ha fet un moviment a la columna 1. [] []
[2024-11-05T12:20:14.802303+00:00] game.INFO: El jugador Kokon ha fet un moviment a la columna 1. [] []
[2024-11-05T12:20:15.296247+00:00] game.INFO: El jugador  ha fet un moviment a la columna 2. [] []
[2024-11-05T12:20:15.766643+00:00] game.INFO: El jugador Kokon ha fet un moviment a la columna 1. [] []
[2024-11-05T12:20:17.179446+00:00] game.INFO: El jugador  ha fet un moviment a la columna 2. [] []
[2024-11-05T12:20:17.726784+00:00] game.INFO: El jugador Kokon ha fet un moviment a la columna 3. [] []
[2024-11-05T12:20:18.294597+00:00] game.INFO: El jugador  ha fet un moviment a la columna 2. [] []
[2024-11-05T12:20:19.017119+00:00] game.INFO: El jugador Kokon ha fet un moviment a la columna 1. [] []
[2024-11-05T12:20:20.467999+00:00] game.INFO: El jugador  ha fet un moviment a la columna 1. [] []
[2024-11-05T12:20:22.075939+00:00] game.INFO: El jugador Kokon ha fet un moviment a la columna 2. [] []
[2024-11-05T12:20:23.872242+00:00] game.INFO: El jugador  ha fet un moviment a la columna 2. [] []
[2024-11-05T12:20:24.541676+00:00] game.INFO: El jugador Kokon ha fet un moviment a la columna 2. [] []
[2024-11-05T12:20:26.330827+00:00] game.INFO: El jugador  ha fet un moviment a la columna 3. [] []
[2024-11-05T12:20:28.040854+00:00] game.INFO: El jugador Kokon ha fet un moviment a la columna 4. [] []
[2024-11-05T12:20:28.511393+00:00] game.INFO: El jugador  ha fet un moviment a la columna 4. [] []
[2024-11-05T12:20:29.101349+00:00] game.INFO: El jugador Kokon ha fet un moviment a la columna 4. [] []
[2024-11-05T12:20:30.491894+00:00] game.INFO: El jugador  ha fet un moviment a la columna 3. [] []
[2024-11-05T12:20:32.178347+00:00] game.INFO: El jugador Kokon ha fet un moviment a la columna 4. [] []
[2024-11-05T12:20:33.553863+00:00] game.INFO: El jugador  ha fet un moviment a la columna 4. [] []
[2024-11-05T12:20:34.314855+00:00] game.INFO: El jugador Kokon ha fet un moviment a la columna 3. [] []
[2024-11-05T12:20:35.664790+00:00] game.INFO: El jugador  ha fet un moviment a la columna 5. [] []
[2024-11-05T12:20:36.027132+00:00] game.INFO: El jugador Kokon ha fet un moviment a la columna 5. [] []
[2024-11-05T12:20:36.434705+00:00] game.INFO: El jugador  ha fet un moviment a la columna 5. [] []
[2024-11-05T12:20:37.576697+00:00] game.INFO: El jugador Kokon ha fet un moviment a la columna 5. [] []
[2024-11-05T12:20:46.306235+00:00] game.INFO: El jugador Kokon ha fet un moviment a la columna 1. [] []
[2024-11-05T12:20:47.081235+00:00] game.INFO: El jugador  ha fet un moviment a la columna 2. [] []
[2024-11-05T12:20:47.525412+00:00] game.INFO: El jugador Kokon ha fet un moviment a la columna 3. [] []
[2024-11-05T12:20:48.013644+00:00] game.INFO: El jugador  ha fet un moviment a la columna 4. [] []
[2024-11-05T12:20:48.455801+00:00] game.INFO: El jugador Kokon ha fet un moviment a la columna 5. [] []
[2024-11-05T12:20:48.867968+00:00] game.INFO: El jugador  ha fet un moviment a la columna 6. [] []
[2024-11-05T12:20:49.336963+00:00] game.INFO: El jugador Kokon ha fet un moviment a la columna 7. [] []
[2024-11-05T12:20:49.839267+00:00] game.INFO: El jugador  ha fet un moviment a la columna 6. [] []
[2024-11-05T12:20:50.277343+00:00] game.INFO: El jugador Kokon ha fet un moviment a la columna 5. [] []
[2024-11-05T12:20:50.751749+00:00] game.INFO: El jugador  ha fet un moviment a la columna 4. [] []
[2024-11-05T12:20:51.399996+00:00] game.INFO: El jugador Kokon ha fet un moviment a la columna 3. [] []
[2024-11-05T12:20:51.843875+00:00] game.INFO: El jugador  ha fet un moviment a la columna 2. [] []
[2024-11-05T12:20:52.432863+00:00] game.INFO: El jugador Kokon ha fet un moviment a la columna 1. [] []
[2024-11-05T12:20:52.959643+00:00] game.INFO: El jugador  ha fet un moviment a la columna 2. [] []
[2024-11-05T12:20:55.030648+00:00] game.INFO: El jugador Kokon ha fet un moviment a la columna 3. [] []
[2024-11-05T12:20:55.559736+00:00] game.INFO: El jugador  ha fet un moviment a la columna 4. [] []
[2024-11-05T12:20:56.041445+00:00] game.INFO: El jugador Kokon ha fet un moviment a la columna 5. [] []
[2024-11-05T12:20:56.790017+00:00] game.INFO: El jugador  ha fet un moviment a la columna 6. [] []
[2024-11-05T12:20:57.305746+00:00] game.INFO: El jugador Kokon ha fet un moviment a la columna 7. [] []
[2024-11-05T12:20:58.603169+00:00] game.INFO: El jugador  ha fet un moviment a la columna 7. [] []
[2024-11-05T12:20:59.488970+00:00] game.INFO: El jugador Kokon ha fet un moviment a la columna 7. [] []
[2024-11-05T12:21:00.449933+00:00] game.INFO: El jugador  ha fet un moviment a la columna 6. [] []
[2024-11-05T12:23:34.331528+00:00] game.INFO: El jugador Kokon ha fet un moviment a la columna 1. [] []
[2024-11-05T12:23:35.030294+00:00] game.INFO: El jugador  ha fet un moviment a la columna 2. [] []
[2024-11-05T12:23:35.595145+00:00] game.INFO: El jugador Kokon ha fet un moviment a la columna 1. [] []
[2024-11-05T12:23:36.116105+00:00] game.INFO: El jugador  ha fet un moviment a la columna 2. [] []
[2024-11-05T12:23:36.690024+00:00] game.INFO: El jugador Kokon ha fet un moviment a la columna 1. [] []
[2024-11-05T12:23:37.177361+00:00] game.INFO: El jugador  ha fet un moviment a la columna 2. [] []
[2024-11-05T12:23:38.189329+00:00] game.INFO: El jugador Kokon ha fet un moviment a la columna 1. [] []
[2024-11-05T12:24:38.855522+00:00] game.INFO: El jugador wea ha fet un moviment a la columna 1. [] []
[2024-11-05T12:24:38.858429+00:00] game.INFO: El jugador Maquina ha fet un moviment a la columna 6. [] []
[2024-11-05T12:24:39.826230+00:00] game.INFO: El jugador wea ha fet un moviment a la columna 2. [] []
[2024-11-05T12:24:39.826926+00:00] game.INFO: El jugador Maquina ha fet un moviment a la columna 4. [] []
[2024-11-05T12:24:40.758282+00:00] game.INFO: El jugador wea ha fet un moviment a la columna 3. [] []
[2024-11-05T12:24:40.760809+00:00] game.INFO: El jugador Maquina ha fet un moviment a la columna 4. [] []
[2024-11-05T12:24:41.673139+00:00] game.INFO: El jugador wea ha fet un moviment a la columna 4. [] []
[2024-11-05T12:24:41.673815+00:00] game.INFO: El jugador Maquina ha fet un moviment a la columna 7. [] []
[2024-11-05T12:24:42.782850+00:00] game.INFO: El jugador wea ha fet un moviment a la columna 5. [] []
[2024-11-05T12:24:42.784038+00:00] game.INFO: El jugador Maquina ha fet un moviment a la columna 5. [] []
[2024-11-05T12:24:43.548816+00:00] game.INFO: El jugador wea ha fet un moviment a la columna 6. [] []
[2024-11-05T12:24:43.549487+00:00] game.INFO: El jugador Maquina ha fet un moviment a la columna 7. [] []
[2024-11-05T12:24:44.461943+00:00] game.INFO: El jugador wea ha fet un moviment a la columna 7. [] []
[2024-11-05T12:24:44.462652+00:00] game.INFO: El jugador Maquina ha fet un moviment a la columna 1. [] []
[2024-11-05T12:24:45.612267+00:00] game.INFO: El jugador wea ha fet un moviment a la columna 6. [] []
[2024-11-05T12:24:45.612889+00:00] game.INFO: El jugador Maquina ha fet un moviment a la columna 5. [] []
[2024-11-05T12:24:46.844233+00:00] game.INFO: El jugador wea ha fet un moviment a la columna 5. [] []
[2024-11-05T12:24:46.844553+00:00] game.INFO: El jugador Maquina ha fet un moviment a la columna 3. [] []
[2024-11-05T12:24:48.539719+00:00] game.INFO: El jugador wea ha fet un moviment a la columna 5. [] []
[2024-11-05T12:24:48.540136+00:00] game.INFO: El jugador Maquina ha fet un moviment a la columna 2. [] []
[2024-11-05T12:30:31.588623+00:00] game.INFO: El jugador wew ha fet un moviment a la columna 1. [] []
[2024-11-05T12:30:32.580361+00:00] game.INFO: El jugador wew ha fet un moviment a la columna 2. [] []
[2024-11-05T12:30:32.997696+00:00] game.INFO: El jugador wew ha fet un moviment a la columna 1. [] []
[2024-11-05T12:30:33.789731+00:00] game.INFO: El jugador wew ha fet un moviment a la columna 2. [] []
[2024-11-05T12:30:34.470134+00:00] game.INFO: El jugador wew ha fet un moviment a la columna 1. [] []
[2024-11-05T12:30:36.024878+00:00] game.INFO: El jugador wew ha fet un moviment a la columna 1. [] []
[2024-11-05T12:30:36.631058+00:00] game.INFO: El jugador wew ha fet un moviment a la columna 1. [] []
[2024-11-05T12:30:37.080554+00:00] game.INFO: El jugador wew ha fet un moviment a la columna 1. [] []
[2024-11-05T12:31:04.750138+00:00] game.INFO: El jugador wew ha fet un moviment a la columna 2. [] []
[2024-11-05T12:31:06.049921+00:00] game.INFO: El jugador wew ha fet un moviment a la columna 3. [] []
[2024-11-05T12:31:07.813560+00:00] game.INFO: El jugador wew ha fet un moviment a la columna 4. [] []
[2024-11-05T12:31:08.270788+00:00] game.INFO: El jugador wew ha fet un moviment a la columna 3. [] []
[2024-11-05T12:31:08.918338+00:00] game.INFO: El jugador wew ha fet un moviment a la columna 3. [] []
[2024-11-05T12:31:10.476469+00:00] game.INFO: El jugador wew ha fet un moviment a la columna 4. [] []
[2024-11-05T12:31:10.933465+00:00] game.INFO: El jugador wew ha fet un moviment a la columna 4. [] []
[2024-11-05T12:31:41.944266+00:00] game.INFO: El jugador Jugador 1 ha fet un moviment a la columna 1. [] []
[2024-11-05T12:31:41.946751+00:00] game.INFO: El jugador Jugador 1 ha fet un moviment a la columna 1. [] []
[2024-11-05T12:31:41.947094+00:00] game.INFO: El jugador Jugador 2 ha fet un moviment a la columna 1. [] []
[2024-11-05T12:31:41.947268+00:00] game.INFO: El jugador Jugador 1 ha fet un moviment a la columna 1. [] []
[2024-11-05T12:31:41.947442+00:00] game.INFO: El jugador Jugador 2 ha fet un moviment a la columna 1. [] []
[2024-11-05T12:31:41.947529+00:00] game.INFO: El jugador Jugador 1 ha fet un moviment a la columna 1. [] []
[2024-11-05T12:31:41.947633+00:00] game.INFO: El jugador Jugador 2 ha fet un moviment a la columna 1. [] []
[2024-11-05T12:31:41.956902+00:00] game.INFO: El jugador Jugador 1 ha fet un moviment a la columna 1. [] []
[2024-11-05T12:31:41.957235+00:00] game.INFO: El jugador Jugador 2 ha fet un moviment a la columna 2. [] []
[2024-11-05T12:31:41.957379+00:00] game.INFO: El jugador Jugador 1 ha fet un moviment a la columna 1. [] []
[2024-11-05T12:31:41.957608+00:00] game.INFO: El jugador Jugador 2 ha fet un moviment a la columna 2. [] []
[2024-11-05T12:31:41.957709+00:00] game.INFO: El jugador Jugador 1 ha fet un moviment a la columna 1. [] []
[2024-11-05T12:31:41.957887+00:00] game.INFO: El jugador Jugador 2 ha fet un moviment a la columna 2. [] []
[2024-11-05T12:31:41.957989+00:00] game.INFO: El jugador Jugador 1 ha fet un moviment a la columna 1. [] []
[2024-11-05T12:31:41.958745+00:00] game.INFO: El jugador Jugador 1 ha fet un moviment a la columna 1. [] []
[2024-11-05T12:31:41.959578+00:00] game.INFO: El jugador Jugador 1 ha fet un moviment a la columna 1. [] []
[2024-11-05T12:31:41.960052+00:00] game.INFO: El jugador Jugador 2 ha fet un moviment a la columna 6. [] []
[2024-11-05T12:31:41.960984+00:00] game.INFO: El jugador Jugador 1 ha fet un moviment a la columna 1. [] []
[2024-11-05T12:32:25.187305+00:00] game.INFO: El jugador Jugador 1 ha fet un moviment a la columna 1. [] []
[2024-11-05T12:32:25.189176+00:00] game.INFO: El jugador Jugador 1 ha fet un moviment a la columna 1. [] []
[2024-11-05T12:32:25.189510+00:00] game.INFO: El jugador Jugador 2 ha fet un moviment a la columna 1. [] []
[2024-11-05T12:32:25.189618+00:00] game.INFO: El jugador Jugador 1 ha fet un moviment a la columna 1. [] []
[2024-11-05T12:32:25.189721+00:00] game.INFO: El jugador Jugador 2 ha fet un moviment a la columna 1. [] []
[2024-11-05T12:32:25.189811+00:00] game.INFO: El jugador Jugador 1 ha fet un moviment a la columna 1. [] []
[2024-11-05T12:32:25.189936+00:00] game.INFO: El jugador Jugador 2 ha fet un moviment a la columna 1. [] []
[2024-11-05T12:32:25.199591+00:00] game.INFO: El jugador Jugador 1 ha fet un moviment a la columna 1. [] []
[2024-11-05T12:32:25.200112+00:00] game.INFO: El jugador Jugador 2 ha fet un moviment a la columna 2. [] []
[2024-11-05T12:32:25.200550+00:00] game.INFO: El jugador Jugador 1 ha fet un moviment a la columna 1. [] []
[2024-11-05T12:32:25.200667+00:00] game.INFO: El jugador Jugador 2 ha fet un moviment a la columna 2. [] []
[2024-11-05T12:32:25.200815+00:00] game.INFO: El jugador Jugador 1 ha fet un moviment a la columna 1. [] []
[2024-11-05T12:32:25.200903+00:00] game.INFO: El jugador Jugador 2 ha fet un moviment a la columna 2. [] []
[2024-11-05T12:32:25.200984+00:00] game.INFO: El jugador Jugador 1 ha fet un moviment a la columna 1. [] []
[2024-11-05T12:32:25.201708+00:00] game.INFO: El jugador Jugador 1 ha fet un moviment a la columna 1. [] []
[2024-11-05T12:32:25.202609+00:00] game.INFO: El jugador Jugador 1 ha fet un moviment a la columna 1. [] []
[2024-11-05T12:38:00.927013+00:00] game.INFO: El jugador 123 ha fet un moviment a la columna 1. [] []
[2024-11-05T12:38:00.942128+00:00] game.INFO: El jugador Maquina ha fet un moviment a la columna 5. [] []
[2024-11-05T12:38:01.246368+00:00] game.INFO: El jugador 123 ha fet un moviment a la columna 2. [] []
[2024-11-05T12:38:01.246953+00:00] game.INFO: El jugador Maquina ha fet un moviment a la columna 4. [] []
[2024-11-05T12:38:01.807457+00:00] game.INFO: El jugador 123 ha fet un moviment a la columna 1. [] []
[2024-11-05T12:38:01.807932+00:00] game.INFO: El jugador Maquina ha fet un moviment a la columna 4. [] []
[2024-11-05T12:38:02.482948+00:00] game.INFO: El jugador 123 ha fet un moviment a la columna 2. [] []
[2024-11-05T12:38:02.485054+00:00] game.INFO: El jugador Maquina ha fet un moviment a la columna 2. [] []
[2024-11-05T12:38:03.675040+00:00] game.INFO: El jugador 123 ha fet un moviment a la columna 2. [] []
[2024-11-05T12:38:03.675546+00:00] game.INFO: El jugador Maquina ha fet un moviment a la columna 7. [] []
[2024-11-05T12:38:05.837420+00:00] game.INFO: El jugador 123 ha fet un moviment a la columna 6. [] []
[2024-11-05T12:38:05.837802+00:00] game.INFO: El jugador Maquina ha fet un moviment a la columna 1. [] []
[2024-11-05T12:38:08.586587+00:00] game.INFO: El jugador 123 ha fet un moviment a la columna 4. [] []
[2024-11-05T12:38:08.587272+00:00] game.INFO: El jugador Maquina ha fet un moviment a la columna 6. [] []
[2024-11-05T12:38:10.754412+00:00] game.INFO: El jugador 123 ha fet un moviment a la columna 3. [] []
[2024-11-05T12:38:10.754762+00:00] game.INFO: El jugador Maquina ha fet un moviment a la columna 1. [] []
[2024-11-05T12:38:13.190574+00:00] game.INFO: El jugador 123 ha fet un moviment a la columna 3. [] []
[2024-11-05T12:38:13.191065+00:00] game.INFO: El jugador Maquina ha fet un moviment a la columna 2. [] []
[2024-11-05T12:38:17.130554+00:00] game.INFO: El jugador 123 ha fet un moviment a la columna 5. [] []
[2024-11-05T12:38:17.133034+00:00] game.INFO: El jugador Maquina ha fet un moviment a la columna 4. [] []
[2024-11-05T12:38:21.739429+00:00] game.INFO: El jugador 123 ha fet un moviment a la columna 3. [] []
[2024-11-05T12:38:21.739865+00:00] game.INFO: El jugador Maquina ha fet un moviment a la columna 5. [] []
[2024-11-05T12:38:26.588592+00:00] game.INFO: El jugador 123 ha fet un moviment a la columna 1. [] []
[2024-11-05T12:38:26.589382+00:00] game.INFO: El jugador Maquina ha fet un moviment a la columna 3. [] []
[2024-11-05T12:38:27.012853+00:00] game.INFO: El jugador 123 ha fet un moviment a la columna 1. [] []
[2024-11-05T12:38:27.013306+00:00] game.INFO: El jugador Maquina ha fet un moviment a la columna 5. [] []
[2024-11-05T12:38:27.322423+00:00] game.INFO: El jugador 123 ha fet un moviment a la columna 1. [] []
[2024-11-05T12:38:27.323232+00:00] game.INFO: El jugador Maquina ha fet un moviment a la columna 1. [] []
[2024-11-05T12:38:27.518183+00:00] game.INFO: El jugador 123 ha fet un moviment a la columna 1. [] []
[2024-11-05T12:38:27.518521+00:00] game.INFO: El jugador Maquina ha fet un moviment a la columna 5. [] []
[2024-11-05T12:38:27.684330+00:00] game.INFO: El jugador 123 ha fet un moviment a la columna 1. [] []
[2024-11-05T12:38:27.684894+00:00] game.INFO: El jugador Maquina ha fet un moviment a la columna 4. [] []
[2024-11-05T12:38:28.911012+00:00] game.INFO: El jugador 123 ha fet un moviment a la columna 2. [] []
[2024-11-05T12:38:30.596264+00:00] game.INFO: El jugador Maquina ha fet un moviment a la columna 2. [] []
[2024-11-05T12:38:30.596985+00:00] game.INFO: El jugador 123 ha fet un moviment a la columna 6. [] []
[2024-11-05T12:38:30.775096+00:00] game.INFO: El jugador Maquina ha fet un moviment a la columna 2. [] []
[2024-11-05T12:38:30.775424+00:00] game.INFO: El jugador 123 ha fet un moviment a la columna 3. [] []
[2024-11-05T12:38:30.917276+00:00] game.INFO: El jugador Maquina ha fet un moviment a la columna 2. [] []
[2024-11-05T12:38:30.917622+00:00] game.INFO: El jugador 123 ha fet un moviment a la columna 2. [] []
[2024-11-05T12:38:31.563946+00:00] game.INFO: El jugador Maquina ha fet un moviment a la columna 2. [] []
[2024-11-05T12:38:31.565666+00:00] game.INFO: El jugador 123 ha fet un moviment a la columna 7. [] []
[2024-11-05T12:38:31.957978+00:00] game.INFO: El jugador Maquina ha fet un moviment a la columna 3. [] []
[2024-11-05T12:38:33.243776+00:00] game.INFO: El jugador 123 ha fet un moviment a la columna 4. [] []
[2024-11-05T12:38:33.625747+00:00] game.INFO: El jugador Maquina ha fet un moviment a la columna 3. [] []
[2024-11-05T12:38:33.920213+00:00] game.INFO: El jugador 123 ha fet un moviment a la columna 4. [] []
[2024-11-05T12:38:34.170960+00:00] game.INFO: El jugador Maquina ha fet un moviment a la columna 4. [] []
[2024-11-05T12:39:03.503430+00:00] game.INFO: El jugador weaw ha fet un moviment a la columna 1. [] []
[2024-11-05T12:39:03.763158+00:00] game.INFO: El jugador wqeqwe ha fet un moviment a la columna 1. [] []
[2024-11-05T12:39:03.878020+00:00] game.INFO: El jugador weaw ha fet un moviment a la columna 1. [] []
[2024-11-05T12:39:04.040872+00:00] game.INFO: El jugador wqeqwe ha fet un moviment a la columna 1. [] []
[2024-11-05T12:39:04.350987+00:00] game.INFO: El jugador weaw ha fet un moviment a la columna 1. [] []
[2024-11-05T12:39:04.917032+00:00] game.INFO: El jugador wqeqwe ha fet un moviment a la columna 1. [] []
[2024-11-05T12:39:11.644274+00:00] game.INFO: El jugador Jugador 1 ha fet un moviment a la columna 1. [] []
[2024-11-05T12:39:11.656670+00:00] game.INFO: El jugador Jugador 1 ha fet un moviment a la columna 1. [] []
[2024-11-05T12:39:11.657054+00:00] game.INFO: El jugador Jugador 2 ha fet un moviment a la columna 2. [] []
[2024-11-05T12:39:11.657149+00:00] game.INFO: El jugador Jugador 1 ha fet un moviment a la columna 1. [] []
[2024-11-05T12:39:11.657412+00:00] game.INFO: El jugador Jugador 2 ha fet un moviment a la columna 2. [] []
[2024-11-05T12:39:11.657519+00:00] game.INFO: El jugador Jugador 1 ha fet un moviment a la columna 1. [] []
[2024-11-05T12:39:11.657615+00:00] game.INFO: El jugador Jugador 2 ha fet un moviment a la columna 2. [] []
[2024-11-05T12:39:11.657699+00:00] game.INFO: El jugador Jugador 1 ha fet un moviment a la columna 1. [] []
[2024-11-05T12:39:11.658378+00:00] game.INFO: El jugador Jugador 1 ha fet un moviment a la columna 1. [] []
[2024-11-05T12:39:11.659491+00:00] game.INFO: El jugador Jugador 1 ha fet un moviment a la columna 1. [] []
[2024-11-05T12:40:33.975178+00:00] game.INFO: El jugador weaw ha fet un moviment a la columna 1. [] []
[2024-11-05T12:40:34.677974+00:00] game.INFO: El jugador wqeqwe ha fet un moviment a la columna 2. [] []
[2024-11-05T12:40:35.086113+00:00] game.INFO: El jugador weaw ha fet un moviment a la columna 1. [] []
[2024-11-05T12:40:35.503505+00:00] game.INFO: El jugador wqeqwe ha fet un moviment a la columna 2. [] []
[2024-11-05T12:40:36.193721+00:00] game.INFO: El jugador weaw ha fet un moviment a la columna 1. [] []
[2024-11-05T12:40:36.655508+00:00] game.INFO: El jugador wqeqwe ha fet un moviment a la columna 2. [] []
[2024-11-05T12:40:37.883942+00:00] game.INFO: El jugador weaw ha fet un moviment a la columna 2. [] []
[2024-11-05T12:40:38.604906+00:00] game.INFO: El jugador wqeqwe ha fet un moviment a la columna 1. [] []
[2024-11-05T12:40:39.095896+00:00] game.INFO: El jugador weaw ha fet un moviment a la columna 1. [] []
[2024-11-05T12:40:39.730682+00:00] game.INFO: El jugador wqeqwe ha fet un moviment a la columna 2. [] []
[2024-11-05T12:40:40.501679+00:00] game.INFO: El jugador weaw ha fet un moviment a la columna 1. [] []
[2024-11-05T12:41:55.078412+00:00] game.INFO: El jugador Jugador 1 ha fet un moviment a la columna 1. [] []
[2024-11-05T12:41:55.081061+00:00] game.INFO: El jugador Jugador 1 ha fet un moviment a la columna 1. [] []
[2024-11-05T12:41:55.081325+00:00] game.INFO: El jugador Jugador 2 ha fet un moviment a la columna 1. [] []
[2024-11-05T12:41:55.081471+00:00] game.INFO: El jugador Jugador 1 ha fet un moviment a la columna 1. [] []
[2024-11-05T12:41:55.081598+00:00] game.INFO: El jugador Jugador 2 ha fet un moviment a la columna 1. [] []
[2024-11-05T12:41:55.081755+00:00] game.INFO: El jugador Jugador 1 ha fet un moviment a la columna 1. [] []
[2024-11-05T12:41:55.081853+00:00] game.INFO: El jugador Jugador 2 ha fet un moviment a la columna 1. [] []
[2024-11-05T12:41:55.091657+00:00] game.INFO: El jugador Jugador 1 ha fet un moviment a la columna 1. [] []
[2024-11-05T12:41:55.091949+00:00] game.INFO: El jugador Jugador 2 ha fet un moviment a la columna 2. [] []
[2024-11-05T12:41:55.092051+00:00] game.INFO: El jugador Jugador 1 ha fet un moviment a la columna 1. [] []
[2024-11-05T12:41:55.092128+00:00] game.INFO: El jugador Jugador 2 ha fet un moviment a la columna 2. [] []
[2024-11-05T12:41:55.092202+00:00] game.INFO: El jugador Jugador 1 ha fet un moviment a la columna 1. [] []
[2024-11-05T12:41:55.092276+00:00] game.INFO: El jugador Jugador 2 ha fet un moviment a la columna 2. [] []
[2024-11-05T12:41:55.092349+00:00] game.INFO: El jugador Jugador 1 ha fet un moviment a la columna 1. [] []
[2024-11-05T12:41:55.093093+00:00] game.INFO: El jugador Jugador 1 ha fet un moviment a la columna 1. [] []
[2024-11-05T12:41:55.094489+00:00] game.INFO: El jugador Jugador 1 ha fet un moviment a la columna 1. [] []
[2024-11-05T12:51:57.169184+00:00] game.INFO: El jugador weweqe ha fet un moviment a la columna 1. [] []
[2024-11-05T12:51:57.709327+00:00] game.INFO: El jugador qwewqe ha fet un moviment a la columna 1. [] []
[2024-11-05T12:51:58.926023+00:00] game.INFO: El jugador weweqe ha fet un moviment a la columna 2. [] []
[2024-11-05T12:51:59.975329+00:00] game.INFO: El jugador qwewqe ha fet un moviment a la columna 1. [] []
[2024-11-05T12:52:00.633590+00:00] game.INFO: El jugador weweqe ha fet un moviment a la columna 2. [] []
[2024-11-05T12:52:01.704723+00:00] game.INFO: El jugador qwewqe ha fet un moviment a la columna 1. [] []
[2024-11-05T12:52:03.182190+00:00] game.INFO: El jugador weweqe ha fet un moviment a la columna 2. [] []
[2024-11-05T12:52:03.697120+00:00] game.INFO: El jugador qwewqe ha fet un moviment a la columna 1. [] []
[2024-11-05T12:52:03.697561+00:00] game.INFO: El jugador qwewqe ha guanyat la partida! [] []
[2024-11-05T12:56:21.093236+00:00] game.INFO: The game has been reset. [] []
[2024-11-05T12:56:26.848103+00:00] game.INFO: The game has been reset. [] []
[2024-11-05T12:56:29.828865+00:00] game.INFO: The game has been reset. [] []
[2024-11-05T12:57:38.994011+00:00] game.INFO: El jugador Jugador 1 ha fet un moviment a la columna 1. [] []
[2024-11-05T12:57:38.996144+00:00] game.INFO: El jugador Jugador 1 ha fet un moviment a la columna 1. [] []
[2024-11-05T12:57:38.996399+00:00] game.INFO: El jugador Jugador 2 ha fet un moviment a la columna 1. [] []
[2024-11-05T12:57:38.996598+00:00] game.INFO: El jugador Jugador 1 ha fet un moviment a la columna 1. [] []
[2024-11-05T12:57:38.996802+00:00] game.INFO: El jugador Jugador 2 ha fet un moviment a la columna 1. [] []
[2024-11-05T12:57:38.996891+00:00] game.INFO: El jugador Jugador 1 ha fet un moviment a la columna 1. [] []
[2024-11-05T12:57:38.996976+00:00] game.INFO: El jugador Jugador 2 ha fet un moviment a la columna 1. [] []
[2024-11-05T12:57:38.997567+00:00] game.ERROR: Illegal move attempt: Movimiento no válido [] []
[2024-11-05T12:57:39.006733+00:00] game.INFO: El jugador Jugador 1 ha fet un moviment a la columna 1. [] []
[2024-11-05T12:57:39.007114+00:00] game.INFO: El jugador Jugador 2 ha fet un moviment a la columna 2. [] []
[2024-11-05T12:57:39.007285+00:00] game.INFO: El jugador Jugador 1 ha fet un moviment a la columna 1. [] []
[2024-11-05T12:57:39.007387+00:00] game.INFO: El jugador Jugador 2 ha fet un moviment a la columna 2. [] []
[2024-11-05T12:57:39.007502+00:00] game.INFO: El jugador Jugador 1 ha fet un moviment a la columna 1. [] []
[2024-11-05T12:57:39.007599+00:00] game.INFO: El jugador Jugador 2 ha fet un moviment a la columna 2. [] []
[2024-11-05T12:57:39.007685+00:00] game.INFO: El jugador Jugador 1 ha fet un moviment a la columna 1. [] []
[2024-11-05T12:57:39.007764+00:00] game.INFO: El jugador Jugador 1 ha guanyat la partida! [] []
[2024-11-05T12:57:39.008563+00:00] game.INFO: El jugador Jugador 1 ha fet un moviment a la columna 1. [] []
[2024-11-05T12:57:39.008863+00:00] game.INFO: The game has been reset. [] []
[2024-11-05T12:57:39.009782+00:00] game.INFO: El jugador Jugador 1 ha fet un moviment a la columna 1. [] []
[2024-11-05T16:07:42.221627+00:00] game.INFO: El jugador Kico ha fet un moviment a la columna 1. [] []
[2024-11-05T16:07:43.147430+00:00] game.INFO: El jugador Ignasi ha fet un moviment a la columna 2. [] []
[2024-11-05T16:07:43.973314+00:00] game.INFO: El jugador Kico ha fet un moviment a la columna 1. [] []
[2024-11-05T16:07:44.779583+00:00] game.INFO: El jugador Ignasi ha fet un moviment a la columna 2. [] []
[2024-11-05T16:07:45.183555+00:00] game.INFO: El jugador Kico ha fet un moviment a la columna 1. [] []
[2024-11-05T16:07:45.651603+00:00] game.INFO: El jugador Ignasi ha fet un moviment a la columna 2. [] []
[2024-11-05T16:07:46.278296+00:00] game.INFO: El jugador Kico ha fet un moviment a la columna 1. [] []
[2024-11-05T16:07:46.280188+00:00] game.INFO: El jugador Kico ha guanyat la partida! [] []
[2024-11-05T16:07:46.284445+00:00] game.INFO: The game has been reset. [] []
[2024-11-05T16:07:49.187031+00:00] game.INFO: The game has been reset. [] []
[2024-11-05T16:08:05.621333+00:00] game.INFO: El jugador Kico ha fet un moviment a la columna 1. [] []
[2024-11-05T16:08:05.632203+00:00] game.INFO: El jugador Maquina ha fet un moviment a la columna 1. [] []
[2024-11-05T16:08:06.770177+00:00] game.INFO: El jugador Kico ha fet un moviment a la columna 2. [] []
[2024-11-05T16:08:06.771153+00:00] game.INFO: El jugador Maquina ha fet un moviment a la columna 7. [] []
[2024-11-05T16:08:07.781779+00:00] game.INFO: El jugador Kico ha fet un moviment a la columna 3. [] []
[2024-11-05T16:08:07.783404+00:00] game.INFO: El jugador Maquina ha fet un moviment a la columna 4. [] []
[2024-11-05T16:08:08.682592+00:00] game.INFO: El jugador Kico ha fet un moviment a la columna 4. [] []
[2024-11-05T16:08:08.684212+00:00] game.INFO: El jugador Maquina ha fet un moviment a la columna 7. [] []
[2024-11-05T16:08:10.902745+00:00] game.INFO: El jugador Kico ha fet un moviment a la columna 3. [] []
[2024-11-05T16:08:10.904637+00:00] game.INFO: El jugador Maquina ha fet un moviment a la columna 1. [] []
[2024-11-05T16:08:11.950552+00:00] game.INFO: El jugador Kico ha fet un moviment a la columna 4. [] []
[2024-11-05T16:08:11.953984+00:00] game.INFO: El jugador Maquina ha fet un moviment a la columna 5. [] []
[2024-11-05T16:08:13.603093+00:00] game.INFO: El jugador Kico ha fet un moviment a la columna 5. [] []
[2024-11-05T16:08:13.604257+00:00] game.INFO: El jugador Maquina ha fet un moviment a la columna 6. [] []
[2024-11-05T16:08:13.605814+00:00] game.INFO: El jugador Maquina ha guanyat la partida! [] []
[2024-11-05T16:08:13.615702+00:00] game.INFO: The game has been reset. [] []
[2024-11-05T16:08:20.984693+00:00] game.INFO: The game has been reset. [] []
[2024-11-05T16:08:22.492086+00:00] game.INFO: El jugador Kico ha fet un moviment a la columna 4. [] []
[2024-11-05T16:08:22.497747+00:00] game.INFO: El jugador Maquina ha fet un moviment a la columna 3. [] []
[2024-11-05T16:08:25.114453+00:00] game.INFO: El jugador Kico ha fet un moviment a la columna 3. [] []
[2024-11-05T16:08:25.116429+00:00] game.INFO: El jugador Maquina ha fet un moviment a la columna 2. [] []
[2024-11-05T16:08:28.322136+00:00] game.INFO: El jugador Kico ha fet un moviment a la columna 3. [] []
[2024-11-05T16:08:28.324083+00:00] game.INFO: El jugador Maquina ha fet un moviment a la columna 2. [] []
[2024-11-05T16:08:29.941908+00:00] game.INFO: El jugador Kico ha fet un moviment a la columna 2. [] []
[2024-11-05T16:08:29.946877+00:00] game.INFO: El jugador Maquina ha fet un moviment a la columna 2. [] []
[2024-11-05T16:08:32.496946+00:00] game.INFO: El jugador Kico ha fet un moviment a la columna 2. [] []
[2024-11-05T16:08:32.498187+00:00] game.INFO: El jugador Maquina ha fet un moviment a la columna 1. [] []
[2024-11-05T16:08:35.714489+00:00] game.INFO: El jugador Kico ha fet un moviment a la columna 2. [] []
[2024-11-05T16:08:35.715545+00:00] game.INFO: El jugador Maquina ha fet un moviment a la columna 7. [] []
[2024-11-05T16:08:37.585384+00:00] game.ERROR: Illegal move attempt: Movimiento no válido [] []
[2024-11-05T16:08:37.591746+00:00] game.INFO: El jugador Kico ha fet un moviment a la columna 6. [] []
[2024-11-05T16:08:46.855227+00:00] game.INFO: El jugador Maquina ha fet un moviment a la columna 4. [] []
[2024-11-05T16:08:46.856964+00:00] game.INFO: El jugador Kico ha fet un moviment a la columna 4. [] []
[2024-11-05T16:09:06.762085+00:00] game.INFO: El jugador Maquina ha fet un moviment a la columna 1. [] []
[2024-11-05T16:09:06.763324+00:00] game.INFO: El jugador Kico ha fet un moviment a la columna 1. [] []
[2024-11-05T16:09:06.764364+00:00] game.INFO: El jugador Kico ha guanyat la partida! [] []
[2024-11-05T16:09:06.769885+00:00] game.INFO: The game has been reset. [] []
[2024-11-05T16:09:14.017194+00:00] game.INFO: The game has been reset. [] []
[2024-11-05T16:09:15.398723+00:00] game.INFO: El jugador Kico ha fet un moviment a la columna 4. [] []
[2024-11-05T16:09:15.400370+00:00] game.INFO: El jugador Maquina ha fet un moviment a la columna 7. [] []
[2024-11-05T16:09:16.778950+00:00] game.INFO: El jugador Kico ha fet un moviment a la columna 4. [] []
[2024-11-05T16:09:16.780323+00:00] game.INFO: El jugador Maquina ha fet un moviment a la columna 7. [] []
[2024-11-05T16:09:18.648818+00:00] game.INFO: El jugador Kico ha fet un moviment a la columna 4. [] []
[2024-11-05T16:09:18.651486+00:00] game.INFO: El jugador Maquina ha fet un moviment a la columna 4. [] []
[2024-11-05T16:09:23.259250+00:00] game.INFO: El jugador Kico ha fet un moviment a la columna 6. [] []
[2024-11-05T16:09:23.260967+00:00] game.INFO: El jugador Maquina ha fet un moviment a la columna 2. [] []
[2024-11-05T16:09:30.830250+00:00] game.INFO: El jugador Kico ha fet un moviment a la columna 3. [] []
[2024-11-05T16:09:30.831479+00:00] game.INFO: El jugador Maquina ha fet un moviment a la columna 5. [] []
[2024-11-05T16:09:35.770362+00:00] game.INFO: El jugador Kico ha fet un moviment a la columna 5. [] []
[2024-11-05T16:09:35.772274+00:00] game.INFO: El jugador Maquina ha fet un moviment a la columna 4. [] []
[2024-11-05T16:09:40.216958+00:00] game.INFO: El jugador Kico ha fet un moviment a la columna 5. [] []
[2024-11-05T16:09:40.218552+00:00] game.INFO: El jugador Maquina ha fet un moviment a la columna 1. [] []
[2024-11-05T16:09:45.597889+00:00] game.INFO: El jugador Kico ha fet un moviment a la columna 6. [] []
[2024-11-05T16:09:45.599706+00:00] game.INFO: El jugador Maquina ha fet un moviment a la columna 3. [] []
[2024-11-05T16:09:52.778353+00:00] game.INFO: El jugador Kico ha fet un moviment a la columna 6. [] []
[2024-11-05T16:09:52.779265+00:00] game.INFO: El jugador Maquina ha fet un moviment a la columna 3. [] []
[2024-11-05T16:09:56.239692+00:00] game.INFO: El jugador Kico ha fet un moviment a la columna 3. [] []
[2024-11-05T16:09:56.242734+00:00] game.INFO: El jugador Kico ha guanyat la partida! [] []
[2024-11-05T16:09:56.247852+00:00] game.INFO: The game has been reset. [] []
[2024-11-05T16:10:02.685511+00:00] game.INFO: The game has been reset. [] []
[2024-11-05T16:10:04.490766+00:00] game.INFO: El jugador Kico ha fet un moviment a la columna 4. [] []
[2024-11-05T16:10:04.495113+00:00] game.INFO: El jugador Maquina ha fet un moviment a la columna 4. [] []
[2024-11-05T16:10:05.295209+00:00] game.INFO: El jugador Kico ha fet un moviment a la columna 4. [] []
[2024-11-05T16:10:05.296885+00:00] game.INFO: El jugador Maquina ha fet un moviment a la columna 6. [] []
[2024-11-05T16:10:06.711720+00:00] game.INFO: El jugador Kico ha fet un moviment a la columna 4. [] []
[2024-11-05T16:10:06.713120+00:00] game.INFO: El jugador Maquina ha fet un moviment a la columna 4. [] []
[2024-11-05T16:10:08.176531+00:00] game.INFO: El jugador Kico ha fet un moviment a la columna 4. [] []
[2024-11-05T16:10:08.177988+00:00] game.INFO: El jugador Maquina ha fet un moviment a la columna 5. [] []
[2024-11-05T16:10:09.982371+00:00] game.ERROR: Illegal move attempt: Movimiento no válido [] []
[2024-11-05T16:10:09.984502+00:00] game.INFO: El jugador Kico ha fet un moviment a la columna 2. [] []
[2024-11-05T16:10:14.710035+00:00] game.INFO: El jugador Maquina ha fet un moviment a la columna 3. [] []
[2024-11-05T16:10:14.711551+00:00] game.INFO: El jugador Kico ha fet un moviment a la columna 2. [] []
[2024-11-05T16:10:18.484256+00:00] game.INFO: El jugador Maquina ha fet un moviment a la columna 3. [] []
[2024-11-05T16:10:18.486236+00:00] game.INFO: El jugador Kico ha fet un moviment a la columna 7. [] []
[2024-11-05T16:10:25.454378+00:00] game.INFO: El jugador Maquina ha fet un moviment a la columna 3. [] []
[2024-11-05T16:10:25.457294+00:00] game.INFO: El jugador Kico ha fet un moviment a la columna 3. [] []
[2024-11-05T16:10:31.265833+00:00] game.ERROR: Illegal move attempt: Movimiento no válido [] []
[2024-11-05T16:10:31.268920+00:00] game.INFO: El jugador Maquina ha fet un moviment a la columna 2. [] []
[2024-11-05T16:10:35.135442+00:00] game.INFO: El jugador Kico ha fet un moviment a la columna 3. [] []
[2024-11-05T16:10:35.136903+00:00] game.INFO: El jugador Maquina ha fet un moviment a la columna 2. [] []
[2024-11-05T16:10:35.138264+00:00] game.INFO: El jugador Maquina ha guanyat la partida! [] []
[2024-11-05T16:10:35.144981+00:00] game.INFO: The game has been reset. [] []
[2024-11-05T16:12:16.842328+00:00] game.INFO: El jugador weqe ha fet un moviment a la columna 1. [] []
[2024-11-05T16:12:16.844903+00:00] game.INFO: El jugador Maquina ha fet un moviment a la columna 4. [] []
[2024-11-05T16:12:17.310454+00:00] game.INFO: El jugador weqe ha fet un moviment a la columna 1. [] []
[2024-11-05T16:12:17.311493+00:00] game.INFO: El jugador Maquina ha fet un moviment a la columna 1. [] []
[2024-11-05T16:12:18.177821+00:00] game.INFO: El jugador weqe ha fet un moviment a la columna 2. [] []
[2024-11-05T16:12:18.178743+00:00] game.INFO: El jugador Maquina ha fet un moviment a la columna 6. [] []
[2024-11-05T16:12:18.652272+00:00] game.INFO: El jugador weqe ha fet un moviment a la columna 1. [] []
[2024-11-05T16:12:18.655220+00:00] game.INFO: El jugador Maquina ha fet un moviment a la columna 3. [] []
[2024-11-05T16:12:19.274515+00:00] game.INFO: El jugador weqe ha fet un moviment a la columna 2. [] []
[2024-11-05T16:12:19.275376+00:00] game.INFO: El jugador Maquina ha fet un moviment a la columna 5. [] []
[2024-11-05T16:12:19.275974+00:00] game.INFO: El jugador Maquina ha guanyat la partida! [] []
[2024-11-05T16:12:19.281706+00:00] game.INFO: The game has been reset. [] []
[2024-11-05T16:12:22.724461+00:00] game.INFO: The game has been reset. [] []
[2024-11-05T16:12:29.713032+00:00] game.INFO: El jugador 1 ha fet un moviment a la columna 1. [] []
[2024-11-05T16:12:30.287463+00:00] game.INFO: El jugador 11 ha fet un moviment a la columna 2. [] []
[2024-11-05T16:12:30.634439+00:00] game.INFO: El jugador 1 ha fet un moviment a la columna 1. [] []
[2024-11-05T16:12:31.028801+00:00] game.INFO: El jugador 11 ha fet un moviment a la columna 2. [] []
[2024-11-05T16:12:31.441985+00:00] game.INFO: El jugador 1 ha fet un moviment a la columna 1. [] []
[2024-11-05T16:12:31.900215+00:00] game.INFO: El jugador 11 ha fet un moviment a la columna 2. [] []
[2024-11-05T16:12:32.304506+00:00] game.INFO: El jugador 1 ha fet un moviment a la columna 1. [] []
[2024-11-05T16:12:32.306118+00:00] game.INFO: El jugador 1 ha guanyat la partida! [] []
[2024-11-05T16:12:32.311968+00:00] game.INFO: The game has been reset. [] []
[2024-11-05T16:12:36.759722+00:00] game.INFO: The game has been reset. [] []
[2024-11-05T16:12:37.658147+00:00] game.INFO: El jugador 1 ha fet un moviment a la columna 1. [] []
[2024-11-05T16:12:38.369835+00:00] game.INFO: El jugador 11 ha fet un moviment a la columna 2. [] []
[2024-11-05T16:12:40.095394+00:00] game.INFO: El jugador 1 ha fet un moviment a la columna 1. [] []
[2024-11-05T16:12:40.551394+00:00] game.INFO: El jugador 11 ha fet un moviment a la columna 1. [] []
[2024-11-05T16:12:41.114677+00:00] game.INFO: El jugador 1 ha fet un moviment a la columna 1. [] []
[2024-11-05T16:12:41.461299+00:00] game.INFO: El jugador 11 ha fet un moviment a la columna 1. [] []
[2024-11-05T16:12:41.927588+00:00] game.INFO: El jugador 1 ha fet un moviment a la columna 1. [] []
[2024-11-05T16:12:42.350505+00:00] game.ERROR: Illegal move attempt: Movimiento no válido [] []
[2024-11-05T16:22:58.986618+00:00] game.INFO: El jugador Jugador 1 ha fet un moviment a la columna 1. [] []
[2024-11-05T16:22:58.994970+00:00] game.INFO: El jugador Jugador 1 ha fet un moviment a la columna 1. [] []
[2024-11-05T16:22:58.995531+00:00] game.INFO: El jugador Jugador 2 ha fet un moviment a la columna 1. [] []
[2024-11-05T16:22:58.996035+00:00] game.INFO: El jugador Jugador 1 ha fet un moviment a la columna 1. [] []
[2024-11-05T16:22:58.996312+00:00] game.INFO: El jugador Jugador 2 ha fet un moviment a la columna 1. [] []
[2024-11-05T16:22:58.996867+00:00] game.INFO: El jugador Jugador 1 ha fet un moviment a la columna 1. [] []
[2024-11-05T16:22:58.997387+00:00] game.INFO: El jugador Jugador 2 ha fet un moviment a la columna 1. [] []
[2024-11-05T16:22:58.999914+00:00] game.ERROR: Illegal move attempt: Movimiento no válido [] []
[2024-11-05T16:22:59.004399+00:00] game.INFO: El jugador Jugador 1 ha fet un moviment a la columna 1. [] []
[2024-11-05T16:22:59.010131+00:00] game.INFO: El jugador Jugador 2 ha fet un moviment a la columna 2. [] []
[2024-11-05T16:22:59.011239+00:00] game.INFO: El jugador Jugador 1 ha fet un moviment a la columna 1. [] []
[2024-11-05T16:22:59.012051+00:00] game.INFO: El jugador Jugador 2 ha fet un moviment a la columna 2. [] []
[2024-11-05T16:22:59.012942+00:00] game.INFO: El jugador Jugador 1 ha fet un moviment a la columna 1. [] []
[2024-11-05T16:22:59.015072+00:00] game.INFO: El jugador Jugador 2 ha fet un moviment a la columna 2. [] []
[2024-11-05T16:22:59.015707+00:00] game.INFO: El jugador Jugador 1 ha fet un moviment a la columna 1. [] []
[2024-11-05T16:22:59.017123+00:00] game.INFO: El jugador Jugador 1 ha guanyat la partida! [] []
[2024-11-05T16:22:59.019969+00:00] game.INFO: El jugador Jugador 1 ha fet un moviment a la columna 1. [] []
[2024-11-05T16:22:59.020801+00:00] game.INFO: The game has been reset. [] []
[2024-11-05T16:22:59.023218+00:00] game.INFO: El jugador Jugador 1 ha fet un moviment a la columna 1. [] []
[2024-11-05T16:26:21.259123+00:00] game.INFO: El jugador Jugador 1 ha fet un moviment a la columna 1. [] []
[2024-11-05T16:26:21.268360+00:00] game.INFO: El jugador Jugador 1 ha fet un moviment a la columna 1. [] []
[2024-11-05T16:26:21.269141+00:00] game.INFO: El jugador Jugador 2 ha fet un moviment a la columna 1. [] []
[2024-11-05T16:26:21.269584+00:00] game.INFO: El jugador Jugador 1 ha fet un moviment a la columna 1. [] []
[2024-11-05T16:26:21.269858+00:00] game.INFO: El jugador Jugador 2 ha fet un moviment a la columna 1. [] []
[2024-11-05T16:26:21.270262+00:00] game.INFO: El jugador Jugador 1 ha fet un moviment a la columna 1. [] []
[2024-11-05T16:26:21.270502+00:00] game.INFO: El jugador Jugador 2 ha fet un moviment a la columna 1. [] []
[2024-11-05T16:26:21.271494+00:00] game.ERROR: Illegal move attempt: Movimiento no válido [] []
[2024-11-05T16:26:21.307164+00:00] game.INFO: El jugador Jugador 1 ha fet un moviment a la columna 1. [] []
[2024-11-05T16:26:21.309158+00:00] game.INFO: El jugador Jugador 2 ha fet un moviment a la columna 2. [] []
[2024-11-05T16:26:21.309559+00:00] game.INFO: El jugador Jugador 1 ha fet un moviment a la columna 1. [] []
[2024-11-05T16:26:21.310043+00:00] game.INFO: El jugador Jugador 2 ha fet un moviment a la columna 2. [] []
[2024-11-05T16:26:21.311764+00:00] game.INFO: El jugador Jugador 1 ha fet un moviment a la columna 1. [] []
[2024-11-05T16:26:21.312938+00:00] game.INFO: El jugador Jugador 2 ha fet un moviment a la columna 2. [] []
[2024-11-05T16:26:21.313265+00:00] game.INFO: El jugador Jugador 1 ha fet un moviment a la columna 1. [] []
[2024-11-05T16:26:21.313554+00:00] game.INFO: El jugador Jugador 1 ha guanyat la partida! [] []
[2024-11-05T16:26:21.319825+00:00] game.INFO: El jugador Jugador 1 ha fet un moviment a la columna 1. [] []
[2024-11-05T16:26:21.323777+00:00] game.INFO: The game has been reset. [] []
[2024-11-05T16:26:21.326133+00:00] game.INFO: El jugador Jugador 1 ha fet un moviment a la columna 1. [] []
[2024-11-05T16:29:29.958793+00:00] game.INFO: El jugador Jugador 1 ha fet un moviment a la columna 1. [] []
[2024-11-05T16:29:29.967404+00:00] game.INFO: El jugador Jugador 1 ha fet un moviment a la columna 1. [] []
[2024-11-05T16:29:29.971765+00:00] game.INFO: El jugador Jugador 2 ha fet un moviment a la columna 1. [] []
[2024-11-05T16:29:29.973988+00:00] game.INFO: El jugador Jugador 1 ha fet un moviment a la columna 1. [] []
[2024-11-05T16:29:29.975406+00:00] game.INFO: El jugador Jugador 2 ha fet un moviment a la columna 1. [] []
[2024-11-05T16:29:29.978490+00:00] game.INFO: El jugador Jugador 1 ha fet un moviment a la columna 1. [] []
[2024-11-05T16:29:29.979021+00:00] game.INFO: El jugador Jugador 2 ha fet un moviment a la columna 1. [] []
[2024-11-05T16:29:29.980956+00:00] game.ERROR: Illegal move attempt: Movimiento no válido [] []
[2024-11-05T16:29:30.024169+00:00] game.INFO: El jugador Jugador 1 ha fet un moviment a la columna 1. [] []
[2024-11-05T16:29:30.025848+00:00] game.INFO: El jugador Jugador 2 ha fet un moviment a la columna 2. [] []
[2024-11-05T16:29:30.027044+00:00] game.INFO: El jugador Jugador 1 ha fet un moviment a la columna 1. [] []
[2024-11-05T16:29:30.027411+00:00] game.INFO: El jugador Jugador 2 ha fet un moviment a la columna 2. [] []
[2024-11-05T16:29:30.027709+00:00] game.INFO: El jugador Jugador 1 ha fet un moviment a la columna 1. [] []
[2024-11-05T16:29:30.028383+00:00] game.INFO: El jugador Jugador 2 ha fet un moviment a la columna 2. [] []
[2024-11-05T16:29:30.028800+00:00] game.INFO: El jugador Jugador 1 ha fet un moviment a la columna 1. [] []
[2024-11-05T16:29:30.029420+00:00] game.INFO: El jugador Jugador 1 ha guanyat la partida! [] []
[2024-11-05T16:29:30.040130+00:00] game.INFO: El jugador Jugador 1 ha fet un moviment a la columna 1. [] []
[2024-11-05T16:29:30.042048+00:00] game.INFO: The game has been reset. [] []
[2024-11-05T16:29:30.054967+00:00] game.INFO: El jugador Jugador 1 ha fet un moviment a la columna 1. [] []
[2024-11-05T16:30:14.840309+00:00] game.INFO: El jugador Jugador 1 ha fet un moviment a la columna 1. [] []
[2024-11-05T16:30:14.845759+00:00] game.INFO: El jugador Jugador 1 ha fet un moviment a la columna 1. [] []
[2024-11-05T16:30:14.850493+00:00] game.INFO: El jugador Jugador 2 ha fet un moviment a la columna 1. [] []
[2024-11-05T16:30:14.853664+00:00] game.INFO: El jugador Jugador 1 ha fet un moviment a la columna 1. [] []
[2024-11-05T16:30:14.854542+00:00] game.INFO: El jugador Jugador 2 ha fet un moviment a la columna 1. [] []
[2024-11-05T16:30:14.855304+00:00] game.INFO: El jugador Jugador 1 ha fet un moviment a la columna 1. [] []
[2024-11-05T16:30:14.856183+00:00] game.INFO: El jugador Jugador 2 ha fet un moviment a la columna 1. [] []
[2024-11-05T16:30:14.857721+00:00] game.ERROR: Illegal move attempt: Movimiento no válido [] []
[2024-11-05T16:30:14.875826+00:00] game.INFO: El jugador Jugador 1 ha fet un moviment a la columna 1. [] []
[2024-11-05T16:30:14.878535+00:00] game.INFO: El jugador Jugador 2 ha fet un moviment a la columna 2. [] []
[2024-11-05T16:30:14.879111+00:00] game.INFO: El jugador Jugador 1 ha fet un moviment a la columna 1. [] []
[2024-11-05T16:30:14.879767+00:00] game.INFO: El jugador Jugador 2 ha fet un moviment a la columna 2. [] []
[2024-11-05T16:30:14.880456+00:00] game.INFO: El jugador Jugador 1 ha fet un moviment a la columna 1. [] []
[2024-11-05T16:30:14.880993+00:00] game.INFO: El jugador Jugador 2 ha fet un moviment a la columna 2. [] []
[2024-11-05T16:30:14.881411+00:00] game.INFO: El jugador Jugador 1 ha fet un moviment a la columna 1. [] []
[2024-11-05T16:30:14.882033+00:00] game.INFO: El jugador Jugador 1 ha guanyat la partida! [] []
[2024-11-05T16:30:14.886505+00:00] game.INFO: El jugador Jugador 1 ha fet un moviment a la columna 1. [] []
[2024-11-05T16:30:14.887814+00:00] game.INFO: The game has been reset. [] []
[2024-11-05T16:30:14.892151+00:00] game.INFO: El jugador Jugador 1 ha fet un moviment a la columna 1. [] []
[2024-11-05T16:31:58.284712+00:00] game.INFO: El jugador Jugador 1 ha fet un moviment a la columna 1. [] []
[2024-11-05T16:31:58.291633+00:00] game.INFO: El jugador Jugador 1 ha fet un moviment a la columna 1. [] []
[2024-11-05T16:31:58.292884+00:00] game.INFO: El jugador Jugador 2 ha fet un moviment a la columna 1. [] []
[2024-11-05T16:31:58.293144+00:00] game.INFO: El jugador Jugador 1 ha fet un moviment a la columna 1. [] []
[2024-11-05T16:31:58.293382+00:00] game.INFO: El jugador Jugador 2 ha fet un moviment a la columna 1. [] []
[2024-11-05T16:31:58.293945+00:00] game.INFO: El jugador Jugador 1 ha fet un moviment a la columna 1. [] []
[2024-11-05T16:31:58.294684+00:00] game.INFO: El jugador Jugador 2 ha fet un moviment a la columna 1. [] []
[2024-11-05T16:31:58.303290+00:00] game.INFO: El jugador Jugador 1 ha fet un moviment a la columna 1. [] []
[2024-11-05T16:31:58.304582+00:00] game.INFO: El jugador Jugador 2 ha fet un moviment a la columna 2. [] []
[2024-11-05T16:31:58.304967+00:00] game.INFO: El jugador Jugador 1 ha fet un moviment a la columna 1. [] []
[2024-11-05T16:31:58.305494+00:00] game.INFO: El jugador Jugador 2 ha fet un moviment a la columna 2. [] []
[2024-11-05T16:31:58.306799+00:00] game.INFO: El jugador Jugador 1 ha fet un moviment a la columna 1. [] []
[2024-11-05T16:31:58.307522+00:00] game.INFO: El jugador Jugador 2 ha fet un moviment a la columna 2. [] []
[2024-11-05T16:31:58.308129+00:00] game.INFO: El jugador Jugador 1 ha fet un moviment a la columna 1. [] []
[2024-11-05T16:31:58.309237+00:00] game.INFO: El jugador Jugador 1 ha guanyat la partida! [] []
[2024-11-05T16:31:58.312048+00:00] game.INFO: El jugador Jugador 1 ha fet un moviment a la columna 1. [] []
[2024-11-05T16:31:58.313645+00:00] game.INFO: The game has been reset. [] []
[2024-11-05T16:31:58.317962+00:00] game.INFO: El jugador Jugador 1 ha fet un moviment a la columna 1. [] []
[2024-11-05T16:32:20.923433+00:00] game.INFO: El jugador Jugador 1 ha fet un moviment a la columna 1. [] []
[2024-11-05T16:32:20.933614+00:00] game.INFO: El jugador Jugador 1 ha fet un moviment a la columna 1. [] []
[2024-11-05T16:32:20.934364+00:00] game.INFO: El jugador Jugador 2 ha fet un moviment a la columna 1. [] []
[2024-11-05T16:32:20.934690+00:00] game.INFO: El jugador Jugador 1 ha fet un moviment a la columna 1. [] []
[2024-11-05T16:32:20.935188+00:00] game.INFO: El jugador Jugador 2 ha fet un moviment a la columna 1. [] []
[2024-11-05T16:32:20.936042+00:00] game.INFO: El jugador Jugador 1 ha fet un moviment a la columna 1. [] []
[2024-11-05T16:32:20.938233+00:00] game.INFO: El jugador Jugador 2 ha fet un moviment a la columna 1. [] []
[2024-11-05T16:32:20.945259+00:00] game.ERROR: Illegal move attempt: Movimiento no válido [] []
[2024-11-05T16:32:20.973263+00:00] game.INFO: El jugador Jugador 1 ha fet un moviment a la columna 1. [] []
[2024-11-05T16:32:20.976129+00:00] game.INFO: El jugador Jugador 2 ha fet un moviment a la columna 2. [] []
[2024-11-05T16:32:20.976555+00:00] game.INFO: El jugador Jugador 1 ha fet un moviment a la columna 1. [] []
[2024-11-05T16:32:20.977366+00:00] game.INFO: El jugador Jugador 2 ha fet un moviment a la columna 2. [] []
[2024-11-05T16:32:20.978083+00:00] game.INFO: El jugador Jugador 1 ha fet un moviment a la columna 1. [] []
[2024-11-05T16:32:20.978586+00:00] game.INFO: El jugador Jugador 2 ha fet un moviment a la columna 2. [] []
[2024-11-05T16:32:20.979446+00:00] game.INFO: El jugador Jugador 1 ha fet un moviment a la columna 1. [] []
[2024-11-05T16:32:20.980034+00:00] game.INFO: El jugador Jugador 1 ha guanyat la partida! [] []
[2024-11-05T16:32:20.993484+00:00] game.INFO: El jugador Jugador 1 ha fet un moviment a la columna 1. [] []
[2024-11-05T16:32:20.995419+00:00] game.INFO: The game has been reset. [] []
[2024-11-05T16:32:20.998477+00:00] game.INFO: El jugador Jugador 1 ha fet un moviment a la columna 1. [] []
[2024-11-05T16:33:13.872536+00:00] game.INFO: El jugador Jugador 1 ha fet un moviment a la columna 1. [] []
[2024-11-05T16:33:13.884413+00:00] game.INFO: El jugador Jugador 1 ha fet un moviment a la columna 1. [] []
[2024-11-05T16:33:13.885837+00:00] game.INFO: El jugador Jugador 2 ha fet un moviment a la columna 1. [] []
[2024-11-05T16:33:13.886754+00:00] game.INFO: El jugador Jugador 1 ha fet un moviment a la columna 1. [] []
[2024-11-05T16:33:13.888549+00:00] game.INFO: El jugador Jugador 2 ha fet un moviment a la columna 1. [] []
[2024-11-05T16:33:13.889796+00:00] game.INFO: El jugador Jugador 1 ha fet un moviment a la columna 1. [] []
[2024-11-05T16:33:13.890279+00:00] game.INFO: El jugador Jugador 2 ha fet un moviment a la columna 1. [] []
[2024-11-05T16:33:13.892598+00:00] game.ERROR: Illegal move attempt: Movimiento no válido [] []
[2024-11-05T16:33:13.917836+00:00] game.INFO: El jugador Jugador 1 ha fet un moviment a la columna 1. [] []
[2024-11-05T16:33:13.918742+00:00] game.INFO: El jugador Jugador 2 ha fet un moviment a la columna 2. [] []
[2024-11-05T16:33:13.919273+00:00] game.INFO: El jugador Jugador 1 ha fet un moviment a la columna 1. [] []
[2024-11-05T16:33:13.920148+00:00] game.INFO: El jugador Jugador 2 ha fet un moviment a la columna 2. [] []
[2024-11-05T16:33:13.920510+00:00] game.INFO: El jugador Jugador 1 ha fet un moviment a la columna 1. [] []
[2024-11-05T16:33:13.920865+00:00] game.INFO: El jugador Jugador 2 ha fet un moviment a la columna 2. [] []
[2024-11-05T16:33:13.921164+00:00] game.INFO: El jugador Jugador 1 ha fet un moviment a la columna 1. [] []
[2024-11-05T16:33:13.921396+00:00] game.INFO: El jugador Jugador 1 ha guanyat la partida! [] []
[2024-11-05T16:33:13.926603+00:00] game.INFO: El jugador Jugador 1 ha fet un moviment a la columna 1. [] []
[2024-11-05T16:33:13.929649+00:00] game.INFO: The game has been reset. [] []
[2024-11-05T16:33:13.931777+00:00] game.INFO: El jugador Jugador 1 ha fet un moviment a la columna 1. [] []
[2024-11-05T16:33:24.840566+00:00] game.INFO: El jugador Jugador 1 ha fet un moviment a la columna 1. [] []
[2024-11-05T16:33:24.847484+00:00] game.INFO: El jugador Jugador 1 ha fet un moviment a la columna 1. [] []
[2024-11-05T16:33:24.848685+00:00] game.INFO: El jugador Jugador 2 ha fet un moviment a la columna 1. [] []
[2024-11-05T16:33:24.849207+00:00] game.INFO: El jugador Jugador 1 ha fet un moviment a la columna 1. [] []
[2024-11-05T16:33:24.850714+00:00] game.INFO: El jugador Jugador 2 ha fet un moviment a la columna 1. [] []
[2024-11-05T16:33:24.851648+00:00] game.INFO: El jugador Jugador 1 ha fet un moviment a la columna 1. [] []
[2024-11-05T16:33:24.852051+00:00] game.INFO: El jugador Jugador 2 ha fet un moviment a la columna 1. [] []
[2024-11-05T16:33:24.855094+00:00] game.ERROR: Illegal move attempt: Movimiento no válido [] []
[2024-11-05T16:33:24.883389+00:00] game.INFO: El jugador Jugador 1 ha fet un moviment a la columna 1. [] []
[2024-11-05T16:33:24.884740+00:00] game.INFO: El jugador Jugador 2 ha fet un moviment a la columna 2. [] []
[2024-11-05T16:33:24.885416+00:00] game.INFO: El jugador Jugador 1 ha fet un moviment a la columna 1. [] []
[2024-11-05T16:33:24.885913+00:00] game.INFO: El jugador Jugador 2 ha fet un moviment a la columna 2. [] []
[2024-11-05T16:33:24.886142+00:00] game.INFO: El jugador Jugador 1 ha fet un moviment a la columna 1. [] []
[2024-11-05T16:33:24.886687+00:00] game.INFO: El jugador Jugador 2 ha fet un moviment a la columna 2. [] []
[2024-11-05T16:33:24.887013+00:00] game.INFO: El jugador Jugador 1 ha fet un moviment a la columna 1. [] []
[2024-11-05T16:33:24.888129+00:00] game.INFO: El jugador Jugador 1 ha guanyat la partida! [] []
[2024-11-05T16:33:24.898939+00:00] game.INFO: El jugador Jugador 1 ha fet un moviment a la columna 1. [] []
[2024-11-05T16:33:24.904571+00:00] game.INFO: The game has been reset. [] []
[2024-11-05T16:33:24.909775+00:00] game.INFO: El jugador Jugador 1 ha fet un moviment a la columna 1. [] []
[2024-11-05T16:33:44.752432+00:00] game.INFO: El jugador Jugador 1 ha fet un moviment a la columna 1. [] []
[2024-11-05T16:33:44.769066+00:00] game.INFO: El jugador Jugador 1 ha fet un moviment a la columna 1. [] []
[2024-11-05T16:33:44.770464+00:00] game.INFO: El jugador Jugador 2 ha fet un moviment a la columna 1. [] []
[2024-11-05T16:33:44.771996+00:00] game.INFO: El jugador Jugador 1 ha fet un moviment a la columna 1. [] []
[2024-11-05T16:33:44.772413+00:00] game.INFO: El jugador Jugador 2 ha fet un moviment a la columna 1. [] []
[2024-11-05T16:33:44.772673+00:00] game.INFO: El jugador Jugador 1 ha fet un moviment a la columna 1. [] []
[2024-11-05T16:33:44.773642+00:00] game.INFO: El jugador Jugador 2 ha fet un moviment a la columna 1. [] []
[2024-11-05T16:33:44.775449+00:00] game.ERROR: Illegal move attempt: Movimiento no válido [] []
[2024-11-05T16:33:44.803502+00:00] game.INFO: El jugador Jugador 1 ha fet un moviment a la columna 1. [] []
[2024-11-05T16:33:44.806225+00:00] game.INFO: El jugador Jugador 2 ha fet un moviment a la columna 2. [] []
[2024-11-05T16:33:44.807128+00:00] game.INFO: El jugador Jugador 1 ha fet un moviment a la columna 1. [] []
[2024-11-05T16:33:44.808678+00:00] game.INFO: El jugador Jugador 2 ha fet un moviment a la columna 2. [] []
[2024-11-05T16:33:44.810413+00:00] game.INFO: El jugador Jugador 1 ha fet un moviment a la columna 1. [] []
[2024-11-05T16:33:44.811415+00:00] game.INFO: El jugador Jugador 2 ha fet un moviment a la columna 2. [] []
[2024-11-05T16:33:44.815089+00:00] game.INFO: El jugador Jugador 1 ha fet un moviment a la columna 1. [] []
[2024-11-05T16:33:44.817383+00:00] game.INFO: El jugador Jugador 1 ha guanyat la partida! [] []
[2024-11-05T16:33:44.822203+00:00] game.INFO: El jugador Jugador 1 ha fet un moviment a la columna 1. [] []
[2024-11-05T16:33:44.823312+00:00] game.INFO: The game has been reset. [] []
[2024-11-05T16:33:44.827865+00:00] game.INFO: El jugador Jugador 1 ha fet un moviment a la columna 1. [] []
[2024-11-05T16:34:00.467682+00:00] game.INFO: El jugador Jugador 1 ha fet un moviment a la columna 1. [] []
[2024-11-05T16:34:00.478083+00:00] game.INFO: El jugador Jugador 1 ha fet un moviment a la columna 1. [] []
[2024-11-05T16:34:00.487755+00:00] game.INFO: El jugador Jugador 2 ha fet un moviment a la columna 1. [] []
[2024-11-05T16:34:00.489052+00:00] game.INFO: El jugador Jugador 1 ha fet un moviment a la columna 1. [] []
[2024-11-05T16:34:00.492557+00:00] game.INFO: El jugador Jugador 2 ha fet un moviment a la columna 1. [] []
[2024-11-05T16:34:00.493648+00:00] game.INFO: El jugador Jugador 1 ha fet un moviment a la columna 1. [] []
[2024-11-05T16:34:00.494322+00:00] game.INFO: El jugador Jugador 2 ha fet un moviment a la columna 1. [] []
[2024-11-05T16:34:00.496979+00:00] game.ERROR: Illegal move attempt: Movimiento no válido [] []
[2024-11-05T16:34:00.550708+00:00] game.INFO: El jugador Jugador 1 ha fet un moviment a la columna 1. [] []
[2024-11-05T16:34:00.552018+00:00] game.INFO: El jugador Jugador 2 ha fet un moviment a la columna 2. [] []
[2024-11-05T16:34:00.554516+00:00] game.INFO: El jugador Jugador 1 ha fet un moviment a la columna 1. [] []
[2024-11-05T16:34:00.555476+00:00] game.INFO: El jugador Jugador 2 ha fet un moviment a la columna 2. [] []
[2024-11-05T16:34:00.555842+00:00] game.INFO: El jugador Jugador 1 ha fet un moviment a la columna 1. [] []
[2024-11-05T16:34:00.557127+00:00] game.INFO: El jugador Jugador 2 ha fet un moviment a la columna 2. [] []
[2024-11-05T16:34:00.559551+00:00] game.INFO: El jugador Jugador 1 ha fet un moviment a la columna 1. [] []
[2024-11-05T16:34:00.561422+00:00] game.INFO: El jugador Jugador 1 ha guanyat la partida! [] []
[2024-11-05T16:34:00.568640+00:00] game.INFO: El jugador Jugador 1 ha fet un moviment a la columna 1. [] []
[2024-11-05T16:34:00.570242+00:00] game.INFO: The game has been reset. [] []
[2024-11-05T16:34:00.572190+00:00] game.INFO: El jugador Jugador 1 ha fet un moviment a la columna 1. [] []
[2024-11-05T16:35:19.432419+00:00] game.INFO: El jugador Jugador 1 ha fet un moviment a la columna 1. [] []
[2024-11-05T16:35:19.452895+00:00] game.INFO: El jugador Jugador 1 ha fet un moviment a la columna 1. [] []
[2024-11-05T16:35:19.455361+00:00] game.INFO: El jugador Jugador 2 ha fet un moviment a la columna 1. [] []
[2024-11-05T16:35:19.456496+00:00] game.INFO: El jugador Jugador 1 ha fet un moviment a la columna 1. [] []
[2024-11-05T16:35:19.457110+00:00] game.INFO: El jugador Jugador 2 ha fet un moviment a la columna 1. [] []
[2024-11-05T16:35:19.464318+00:00] game.INFO: El jugador Jugador 1 ha fet un moviment a la columna 1. [] []
[2024-11-05T16:35:19.467175+00:00] game.INFO: El jugador Jugador 2 ha fet un moviment a la columna 1. [] []
[2024-11-05T16:35:19.470691+00:00] game.ERROR: Illegal move attempt: Movimiento no válido [] []
[2024-11-05T16:35:19.532257+00:00] game.INFO: El jugador Jugador 1 ha fet un moviment a la columna 1. [] []
[2024-11-05T16:35:19.533333+00:00] game.INFO: El jugador Jugador 2 ha fet un moviment a la columna 2. [] []
[2024-11-05T16:35:19.534073+00:00] game.INFO: El jugador Jugador 1 ha fet un moviment a la columna 1. [] []
[2024-11-05T16:35:19.534887+00:00] game.INFO: El jugador Jugador 2 ha fet un moviment a la columna 2. [] []
[2024-11-05T16:35:19.535486+00:00] game.INFO: El jugador Jugador 1 ha fet un moviment a la columna 1. [] []
[2024-11-05T16:35:19.535929+00:00] game.INFO: El jugador Jugador 2 ha fet un moviment a la columna 2. [] []
[2024-11-05T16:35:19.536370+00:00] game.INFO: El jugador Jugador 1 ha fet un moviment a la columna 1. [] []
[2024-11-05T16:35:19.536636+00:00] game.INFO: El jugador Jugador 1 ha guanyat la partida! [] []
[2024-11-05T16:35:19.538950+00:00] game.INFO: El jugador Jugador 1 ha fet un moviment a la columna 1. [] []
[2024-11-05T16:35:19.539382+00:00] game.INFO: The game has been reset. [] []
[2024-11-05T16:35:19.540808+00:00] game.INFO: El jugador Jugador 1 ha fet un moviment a la columna 1. [] []
[2024-11-05T16:35:43.452368+00:00] game.INFO: El jugador Jugador 1 ha fet un moviment a la columna 1. [] []
[2024-11-05T16:35:43.459523+00:00] game.INFO: El jugador Jugador 1 ha fet un moviment a la columna 1. [] []
[2024-11-05T16:35:43.459916+00:00] game.INFO: El jugador Jugador 2 ha fet un moviment a la columna 1. [] []
[2024-11-05T16:35:43.460315+00:00] game.INFO: El jugador Jugador 1 ha fet un moviment a la columna 1. [] []
[2024-11-05T16:35:43.460630+00:00] game.INFO: El jugador Jugador 2 ha fet un moviment a la columna 1. [] []
[2024-11-05T16:35:43.460964+00:00] game.INFO: El jugador Jugador 1 ha fet un moviment a la columna 1. [] []
[2024-11-05T16:35:43.461202+00:00] game.INFO: El jugador Jugador 2 ha fet un moviment a la columna 1. [] []
[2024-11-05T16:35:43.462423+00:00] game.ERROR: Illegal move attempt: Movimiento no válido [] []
[2024-11-05T16:35:43.504565+00:00] game.INFO: El jugador Jugador 1 ha fet un moviment a la columna 1. [] []
[2024-11-05T16:35:43.507379+00:00] game.INFO: El jugador Jugador 2 ha fet un moviment a la columna 2. [] []
[2024-11-05T16:35:43.508862+00:00] game.INFO: El jugador Jugador 1 ha fet un moviment a la columna 1. [] []
[2024-11-05T16:35:43.510417+00:00] game.INFO: El jugador Jugador 2 ha fet un moviment a la columna 2. [] []
[2024-11-05T16:35:43.511960+00:00] game.INFO: El jugador Jugador 1 ha fet un moviment a la columna 1. [] []
[2024-11-05T16:35:43.512430+00:00] game.INFO: El jugador Jugador 2 ha fet un moviment a la columna 2. [] []
[2024-11-05T16:35:43.512702+00:00] game.INFO: El jugador Jugador 1 ha fet un moviment a la columna 1. [] []
[2024-11-05T16:35:43.513919+00:00] game.INFO: El jugador Jugador 1 ha guanyat la partida! [] []
[2024-11-05T16:35:43.516596+00:00] game.INFO: El jugador Jugador 1 ha fet un moviment a la columna 1. [] []
[2024-11-05T16:35:43.517179+00:00] game.INFO: The game has been reset. [] []
[2024-11-05T16:35:43.519224+00:00] game.INFO: El jugador Jugador 1 ha fet un moviment a la columna 1. [] []
